<html>
<body>
<pre>
<h1>µVision Build Log</h1>
<h2>Tool Versions:</h2>
IDE-Version: ¦ÌVision V5.38.0.0
Copyright (C) 2022 ARM Ltd and ARM Germany GmbH. All rights reserved.
License Information: 123 123, 123, LIC=MPPLD-8NRQC-II95V-PIN0D-9VMY2-361LK
 
Tool Versions:
Toolchain:       MDK-ARM Plus  Version: 5.38.0.0
Toolchain Path:  D:\Software\MDK keil\ARM\ARM_Compiler_5.06u7\Bin
C Compiler:      Armcc.exe V5.06 update 7 (build 960)
Assembler:       Armasm.exe V5.06 update 7 (build 960)
Linker/Locator:  ArmLink.exe V5.06 update 7 (build 960)
Library Manager: ArmAr.exe V5.06 update 7 (build 960)
Hex Converter:   FromElf.exe V5.06 update 7 (build 960)
CPU DLL:         SARMCM3.DLL V5.38.0.0
Dialog DLL:      DCM.DLL V1.17.5.0
Target DLL:      STLink\ST-LINKIII-KEIL_SWO.dll V3.1.0.0
Dialog DLL:      TCM.DLL V1.56.4.0
 
<h2>Project:</h2>
D:\RoboMaster\Train\roboTrain\October\PID_Gimbal\MDK-ARM\PID_Gimbal.uvprojx
Project File Date:  10/30/2023

<h2>Output:</h2>
*** Using Compiler 'V5.06 update 7 (build 960)', folder: 'D:\Software\MDK keil\ARM\ARM_Compiler_5.06u7\Bin'
Build target 'PID_Gimbal'
compiling rc_potocal.c...
..\User\rc_potocal.h(54): warning:  #1-D: last line of file ends without a newline
  #endif
..\User\rc_potocal.c(105): warning:  #1-D: last line of file ends without a newline
  }
..\User\rc_potocal.c: 2 warnings, 0 errors
compiling main.c...
../Core/Inc/can_receive.h(23): warning:  #1-D: last line of file ends without a newline
  #endif
../Core/Inc/pid.h(28): warning:  #1-D: last line of file ends without a newline
  #endif
../Core/Inc/gimbal.h(10): warning:  #1-D: last line of file ends without a newline
  #endif
../User/drv_usart.h(17): warning:  #1-D: last line of file ends without a newline
  #endif
../User/rc_potocal.h(54): warning:  #1-D: last line of file ends without a newline
  #endif
../Core/Src/main.c: 5 warnings, 0 errors
linking...
Program Size: Code=9994 RO-data=458 RW-data=108 ZI-data=2284  
FromELF: creating hex file...
"PID_Gimbal\PID_Gimbal.axf" - 0 Error(s), 7 Warning(s).

<h2>Software Packages used:</h2>

Package Vendor: ARM
                http://www.keil.com/pack/ARM.CMSIS.5.9.0.pack
                ARM.CMSIS.5.9.0
                CMSIS (Common Microcontroller Software Interface Standard)
   * Component: CORE Version: 5.6.0

Package Vendor: Keil
                http://www.keil.com/pack/Keil.STM32F4xx_DFP.2.16.0.pack
                Keil.STM32F4xx_DFP.2.16.0
                STMicroelectronics STM32F4 Series Device Support, Drivers and Examples

<h2>Collection of Component include folders:</h2>
  ./RTE/_PID_Gimbal
  D:/Software/MDK keil/ARM/Pack/ARM/CMSIS/5.9.0/CMSIS/Core/Include
  D:/Software/MDK keil/ARM/Pack/Keil/STM32F4xx_DFP/2.16.0/Drivers/CMSIS/Device/ST/STM32F4xx/Include

<h2>Collection of Component Files used:</h2>

   * Component: ARM::CMSIS:CORE:5.6.0
      Include file:  CMSIS/Core/Include/tz_context.h
Build Time Elapsed:  00:00:02
</pre>
</body>
</html>
