<html>
<body>
<pre>
<h1>µVision Build Log</h1>
<h2>Tool Versions:</h2>
IDE-Version: ¦ÌVision V5.38.0.0
Copyright (C) 2022 ARM Ltd and ARM Germany GmbH. All rights reserved.
License Information: 123 123, 123, LIC=MPPLD-8NRQC-II95V-PIN0D-9VMY2-361LK
 
Tool Versions:
Toolchain:       MDK-ARM Plus  Version: 5.38.0.0
Toolchain Path:  D:\Software\MDK keil\ARM\ARM_Compiler_5.06u7\Bin
C Compiler:      Armcc.exe V5.06 update 7 (build 960)
Assembler:       Armasm.exe V5.06 update 7 (build 960)
Linker/Locator:  ArmLink.exe V5.06 update 7 (build 960)
Library Manager: ArmAr.exe V5.06 update 7 (build 960)
Hex Converter:   FromElf.exe V5.06 update 7 (build 960)
CPU DLL:         SARMCM3.DLL V5.38.0.0
Dialog DLL:      DCM.DLL V1.17.5.0
Target DLL:      STLink\ST-LINKIII-KEIL_SWO.dll V3.1.0.0
Dialog DLL:      TCM.DLL V1.56.4.0
 
<h2>Project:</h2>
D:\RoboMaster\Train\roboTrain\October\PID_Shoot\MDK-ARM\PID_Shoot.uvprojx
Project File Date:  10/19/2023

<h2>Output:</h2>
*** Using Compiler 'V5.06 update 7 (build 960)', folder: 'D:\Software\MDK keil\ARM\ARM_Compiler_5.06u7\Bin'
Rebuild target 'PID_Shoot'
assembling startup_stm32f407xx.s...
compiling stm32f4xx_hal_msp.c...
compiling pid.c...
../Core/Inc/PID.h(13): warning:  #1-D: last line of file ends without a newline
  #endif
..\Core\Src\pid.c(39): warning:  #1-D: last line of file ends without a newline
  }
..\Core\Src\pid.c: 2 warnings, 0 errors
compiling can_receive.c...
../Core/Inc/can_receive.h(31): warning:  #1-D: last line of file ends without a newline
  #endif
..\Core\Src\can_receive.c(130): warning:  #1-D: last line of file ends without a newline
  }
..\Core\Src\can_receive.c: 2 warnings, 0 errors
compiling gpio.c...
compiling stm32f4xx_hal_timebase_tim.c...
compiling stm32f4xx_it.c...
compiling can.c...
compiling stm32f4xx_hal_can.c...
compiling main.c...
../Core/Inc/can_receive.h(31): warning:  #1-D: last line of file ends without a newline
  #endif
../Core/Src/main.c: 1 warning, 0 errors
compiling Free_tasks.c...
../Core/Inc/can_receive.h(31): warning:  #1-D: last line of file ends without a newline
  #endif
../Core/Inc/pid.h(13): warning:  #1-D: last line of file ends without a newline
  #endif
..\Core\Src\Free_tasks.c(63): warning:  #175-D: subscript out of range
  		cur_trigger_speed = -motor[4].speed_rpm;
..\Core\Src\Free_tasks.c: 3 warnings, 0 errors
compiling freertos.c...
compiling stm32f4xx_hal_pwr.c...
compiling stm32f4xx_hal_cortex.c...
compiling stm32f4xx_hal_gpio.c...
compiling stm32f4xx_hal_pwr_ex.c...
compiling stm32f4xx_hal_dma.c...
compiling stm32f4xx_hal_flash_ramfunc.c...
compiling stm32f4xx_hal_flash_ex.c...
compiling stm32f4xx_hal_flash.c...
compiling croutine.c...
compiling stm32f4xx_hal_rcc_ex.c...
compiling stm32f4xx_hal_rcc.c...
compiling list.c...
compiling stm32f4xx_hal_dma_ex.c...
compiling event_groups.c...
compiling queue.c...
compiling timers.c...
compiling stream_buffer.c...
compiling heap_4.c...
compiling tasks.c...
compiling cmsis_os.c...
compiling port.c...
compiling stm32f4xx_hal_exti.c...
compiling stm32f4xx_hal.c...
compiling system_stm32f4xx.c...
compiling stm32f4xx_hal_tim_ex.c...
compiling stm32f4xx_hal_tim.c...
linking...
Program Size: Code=10300 RO-data=572 RW-data=184 ZI-data=18088  
FromELF: creating hex file...
"PID_Shoot\PID_Shoot.axf" - 0 Error(s), 8 Warning(s).

<h2>Software Packages used:</h2>

Package Vendor: ARM
                http://www.keil.com/pack/ARM.CMSIS.5.9.0.pack
                ARM.CMSIS.5.9.0
                CMSIS (Common Microcontroller Software Interface Standard)
   * Component: CORE Version: 5.6.0

Package Vendor: Keil
                http://www.keil.com/pack/Keil.STM32F4xx_DFP.2.16.0.pack
                Keil.STM32F4xx_DFP.2.16.0
                STMicroelectronics STM32F4 Series Device Support, Drivers and Examples

<h2>Collection of Component include folders:</h2>
  ./RTE/_PID_Shoot
  D:/Software/MDK keil/ARM/Pack/ARM/CMSIS/5.9.0/CMSIS/Core/Include
  D:/Software/MDK keil/ARM/Pack/Keil/STM32F4xx_DFP/2.16.0/Drivers/CMSIS/Device/ST/STM32F4xx/Include

<h2>Collection of Component Files used:</h2>

   * Component: ARM::CMSIS:CORE:5.6.0
      Include file:  CMSIS/Core/Include/tz_context.h
Build Time Elapsed:  00:00:11
</pre>
</body>
</html>
